To honour the JVM settings for this build a single-use Daemon process will be forked. For more on this, please refer to https://docs.gradle.org/9.1.0/userguide/gradle_daemon.html#sec:disabling_the_daemon in the Gradle documentation.
Daemon will be stopped at the end of the build 

> Configure project :app
WARNING: The option setting 'android.builtInKotlin=false' is deprecated.
The current default is 'true'.
It will be removed in version 10.0 of the Android Gradle plugin.
WARNING: The option setting 'android.newDsl=false' is deprecated.
The current default is 'true'.
It will be removed in version 10.0 of the Android Gradle plugin.

> Task :app:checkKotlinGradlePluginConfigurationErrors SKIPPED
> Task :app:preBuild UP-TO-DATE
> Task :app:preDebugBuild UP-TO-DATE
> Task :app:dataBindingMergeDependencyArtifactsDebug UP-TO-DATE
> Task :app:generateDebugResources UP-TO-DATE
> Task :app:processDebugGoogleServices UP-TO-DATE
> Task :app:mergeDebugResources UP-TO-DATE
> Task :app:packageDebugResources UP-TO-DATE
> Task :app:processDebugNavigationResources UP-TO-DATE
> Task :app:parseDebugLocalResources UP-TO-DATE
> Task :app:dataBindingGenBaseClassesDebug UP-TO-DATE
> Task :app:generateDebugBuildConfig UP-TO-DATE
> Task :app:generateDebugRFile UP-TO-DATE
> Task :app:kaptGenerateStubsDebugKotlin UP-TO-DATE
> Task :app:kaptDebugKotlin UP-TO-DATE

> Task :app:compileDebugKotlin FAILED
.\gradlew : e: file:///C:/Users/chand/AndroidStudioPro
jects/Cookgpt/app/src/main/java/com/example/cookgpt/Ho
meActivity.kt:315:40 Unresolved reference 
'btnWaterPlus'.
At line:1 char:1
+ .\gradlew :app:compileDebugKotlin --no-daemon > 
build_errors.txt 2>&1
+ ~~~~~~~~~~~~~~~~~~~~~~~~~~~~~~~~~~~~~~~~~~~~~~~~~~~~
~~~~~~~~~~~~~~~~~
    + CategoryInfo          : NotSpecified: (e: file: 
   ///C:/U...'btnWaterPlus'.:String) [], RemoteExcep  
  tion
    + FullyQualifiedErrorId : NativeCommandError
 
e: file:///C:/Users/chand/AndroidStudioProjects/Cookgp
t/app/src/main/java/com/example/cookgpt/HomeActivity.k
t:321:40 Unresolved reference 'btnWaterMinus'.
e: file:///C:/Users/chand/AndroidStudioProjects/Cookgp
t/app/src/main/java/com/example/cookgpt/HomeActivity.k
t:335:40 Unresolved reference 'btnAddMacro'.
e: file:///C:/Users/chand/AndroidStudioProjects/Cookgp
t/app/src/main/java/com/example/cookgpt/HomeActivity.k
t:341:37 Unresolved reference 'tvWaterCount'.
e: file:///C:/Users/chand/AndroidStudioProjects/Cookgp
t/app/src/main/java/com/example/cookgpt/HomeActivity.k
t:345:40 Unresolved reference 'pbCalories'.
e: file:///C:/Users/chand/AndroidStudioProjects/Cookgp
t/app/src/main/java/com/example/cookgpt/HomeActivity.k
t:346:37 Unresolved reference 'tvCaloriesValue'.
e: file:///C:/Users/chand/AndroidStudioProjects/Cookgp
t/app/src/main/java/com/example/cookgpt/HomeActivity.k
t:348:40 Unresolved reference 'pbProtein'.
e: file:///C:/Users/chand/AndroidStudioProjects/Cookgp
t/app/src/main/java/com/example/cookgpt/HomeActivity.k
t:349:37 Unresolved reference 'tvProteinValue'.
e: file:///C:/Users/chand/AndroidStudioProjects/Cookgp
t/app/src/main/java/com/example/cookgpt/HomeActivity.k
t:351:40 Unresolved reference 'pbCarbs'.
e: file:///C:/Users/chand/AndroidStudioProjects/Cookgp
t/app/src/main/java/com/example/cookgpt/HomeActivity.k
t:352:37 Unresolved reference 'tvCarbsValue'.

FAILURE: Build failed with an exception.

* What went wrong:
Execution failed for task ':app:compileDebugKotlin'.
> A failure occurred while executing org.jetbrains.kot
lin.compilerRunner.GradleCompilerRunnerWithWorkers$Gra
dleKotlinCompilerWorkAction
   > Compilation error. See log for more details

* Try:
> Run with --stacktrace option to get the stack trace.
> Run with --info or --debug option to get more log 
output.
> Run with --scan to generate a Build Scan (Powered 
by Develocity).
> Get more help at https://help.gradle.org.

BUILD FAILED in 21s
13 actionable tasks: 1 executed, 12 up-to-date
